PLINK v1.9.0-b.8 64-bit (22 Oct 2024)
Options in effect:
  --bfile /projects/rps/cgsb/gresham/Akriti/wildyeast1/the_vcfs/pan_transcriptome_paper/SNPs/SNPs_no_change_name_and_no_strain_filtering_only_MAF15_filtered/full969Matrix.SNPs.Biallelic.Var.DP10.99percNonMissing.MAF15.NoSubTelo20kb.plink
  --keep keep_lists/keep_SNPs.txt
  --ld-window 999999
  --ld-window-kb 20
  --ld-window-r2 0
  --out ld_tables/ld_SNPs
  --r2

Hostname: cs686.hpc.nyu.edu
Working directory: /projects/rps/cgsb/gresham/Akriti/wildyeast1/common_analysis_for_all/YPD.1/fastlmm/codes/scripts_step2/LD_decay_on_96_strains
Start time: Mon Jul 27 13:12:55 2026

Random number seed: 1785172375
515108 MB RAM detected; reserving 257554 MB for main workspace.
47757 variants loaded from .bim file.
969 people (0 males, 0 females, 969 ambiguous) loaded from .fam.
Ambiguous sex IDs written to ld_tables/ld_SNPs.nosex .
--keep: 95 people remaining.
Using up to 3 threads (change this with --threads).
Before main variant filters, 95 founders and 0 nonfounders present.
Calculating allele frequencies... done.
Total genotyping rate in remaining samples is 0.999578.
47757 variants and 95 people pass filters and QC.
Note: No phenotypes present.
Running --r2 with the following filters:
  --ld-window: 999999
  --ld-window-kb: 20
  --ld-window-r2: 0
--r2 to ld_tables/ld_SNPs.ld ... done.

End time: Mon Jul 27 13:12:55 2026
