PLINK v1.9.0-b.8 64-bit (22 Oct 2024)
Options in effect:
  --bfile /projects/rps/cgsb/gresham/Akriti/wildyeast1/the_vcfs/vcf_files_sent_by_Anne/SVs_from_SV.1087/SV.1087samples_updated_fam_files/SV.1087samples.SVs
  --clump ../plink_inputs/plink_svs.txt
  --clump-kb 2
  --clump-p1 0.05
  --clump-r2 0.6
  --out clumped_results_svs

Hostname: torch-login-b-1.hpc-infra.svc.cluster.local
Working directory: /projects/rps/cgsb/gresham/Akriti/wildyeast1/common_analysis_for_all/Agrawal_single_cell_eqtl_cell_cycle/Figure.3/Fig.3-Panel-A-C-D-cis-and-trans-eqtl-YPD-variant-type/results/YPD.1/clumped
Start time: Thu Aug 27 11:03:43 2026

Random number seed: 1787843023
128265 MB RAM detected; reserving 64132 MB for main workspace.
204 variants loaded from .bim file.
1087 people (0 males, 0 females, 1087 ambiguous) loaded from .fam.
Ambiguous sex IDs written to clumped_results_svs.nosex .
Using 1 thread (no multithreaded calculations invoked).
Before main variant filters, 1087 founders and 0 nonfounders present.
Calculating allele frequencies... done.
Total genotyping rate is exactly 1.
204 variants and 1087 people pass filters and QC.
Note: No phenotypes present.
--clump: 192 clumps formed from 195 top variants.
Results written to clumped_results_svs.clumped .

End time: Thu Aug 27 11:03:43 2026
