PLINK v1.9.0-b.8 64-bit (22 Oct 2024)
Options in effect:
  --bfile /projects/rps/cgsb/gresham/Akriti/wildyeast1/the_vcfs/vcf_files_sent_by_Anne/SNPs_indels/modified_snp_indel_plink_for_96strains/Indels_only_96/indels.96samples
  --clump /projects/rps/cgsb/gresham/Akriti/wildyeast1/common_analysis_for_all/Agrawal_single_cell_eqtl_cell_cycle/Figure.3/Fig.3-PartII-compare-conditions/results/sc2glu/eqtl_plot/plink_inputs/plink_indels.txt
  --clump-kb 2
  --clump-p1 0.05
  --clump-r2 0.6
  --out /projects/rps/cgsb/gresham/Akriti/wildyeast1/common_analysis_for_all/Agrawal_single_cell_eqtl_cell_cycle/Figure.3/Fig.3-PartII-compare-conditions/results/sc2glu/eqtl_plot/clumped/clumped_results_indels

Hostname: torch-login-a-1.hpc-infra.svc.cluster.local
Working directory: /projects/rps/cgsb/gresham/Akriti/wildyeast1/common_analysis_for_all/Agrawal_single_cell_eqtl_cell_cycle/Figure.3/Fig.3-PartII-compare-conditions/results/sc2glu/eqtl_plot/clumped
Start time: Tue Sep  1 11:18:22 2026

Random number seed: 1788275902
128265 MB RAM detected; reserving 64132 MB for main workspace.
3021 variants loaded from .bim file.
96 people (0 males, 0 females, 96 ambiguous) loaded from .fam.
Ambiguous sex IDs written to
/projects/rps/cgsb/gresham/Akriti/wildyeast1/common_analysis_for_all/Agrawal_single_cell_eqtl_cell_cycle/Figure.3/Fig.3-PartII-compare-conditions/results/sc2glu/eqtl_plot/clumped/clumped_results_indels.nosex
.
Using 1 thread (no multithreaded calculations invoked).
Before main variant filters, 96 founders and 0 nonfounders present.
Calculating allele frequencies... done.
Total genotyping rate is exactly 1.
3021 variants and 96 people pass filters and QC.
Note: No phenotypes present.
--clump: 573 clumps formed from 673 top variants.
Results written to
/projects/rps/cgsb/gresham/Akriti/wildyeast1/common_analysis_for_all/Agrawal_single_cell_eqtl_cell_cycle/Figure.3/Fig.3-PartII-compare-conditions/results/sc2glu/eqtl_plot/clumped/clumped_results_indels.clumped
.

End time: Tue Sep  1 11:18:22 2026
